CRESTSubscriptionRequest
  SubscriptionID = ''
  ClientEndpoint.Host = service-ricxapp-kpm-monitor-rmr.ricxapp
  E2SubscriptionDirectives = nil
  SubscriptionDetail.XappEventInstanceID = 1234
  SubscriptionDetail.EventTriggers = [8 3 231]
  SubscriptionDetail.ActionToBeSetup.ActionID = 1
  SubscriptionDetail.ActionToBeSetup.ActionType = report
  SubscriptionDetail.ActionToBeSetup.ActionDefinition = [0 1 1 0 0 1 0 160 68 82 66 46 85 69 84 104 112 85 108 1 32 0 0 0 160 68 82 66 46 85 69 84 104 112 68 108 1 32 0 0 64 3 231]
  SubscriptionDetail.ActionToBeSetup.SubsequentAction.SubsequentActionType = continue
  SubscriptionDetail.ActionToBeSetup..SubsequentAction.TimeToWait = w10ms
{"ts":1780925454107,"crit":"ERROR","id":"submgr","mdc":{"CONTAINER_NAME":"","HOST_NAME":"","PID":"1","POD_NAME":"","SERVICE_NAME":"","SYSTEM_NAME":"","time":"2026-06-08T13:30:54"},"msg":"CREATE routeinfo(2/[service-ricxapp-kpm-monitor-rmr.ricxapp:4560]) failed with error: [POST /handles/xapp-subscription-handle][400] provideXappSubscriptionHandleBadRequest "}
{"ts":1780925454107,"crit":"ERROR","id":"submgr","mdc":{"CONTAINER_NAME":"","HOST_NAME":"","PID":"1","POD_NAME":"","SERVICE_NAME":"","SYSTEM_NAME":"","time":"2026-06-08T13:30:54"},"msg":"XAPP-SubReq Assign error: transxapp(trans(1/meid(RanName=gnbd_001_001_00019b_0))/transkey(service-ricxapp-kpm-monitor-rmr.ricxapp:4560/3Er8Xxhm1GA7UQ9lwRIVlzJru8s)/0) err(RTMGR route create failure)"}
1780925554298 1/RMR [INFO] sends: ts=1780925554 src=service-ricplt-submgr-rmr.ricplt:4560 target=10.102.233.54:38000 open=0 succ=0 fail=0 (hard=0 soft=0)
1780925554298 1/RMR [INFO] sends: ts=1780925554 src=service-ricplt-submgr-rmr.ricplt:4560 target=service-ricplt-e2mgr-rmr.ricplt:3801 open=0 succ=0 fail=0 (hard=0 soft=0)
1780925554298 1/RMR [INFO] sends: ts=1780925554 src=service-ricplt-submgr-rmr.ricplt:4560 target=service-ricplt-a1mediator-rmr.ricplt:4562 open=0 succ=0 fail=0 (hard=0 soft=0)
CRESTSubscriptionRequest
  SubscriptionID = ''
  ClientEndpoint.Host = service-ricxapp-kpm-monitor-rmr.ricxapp
  E2SubscriptionDirectives = nil
  SubscriptionDetail.XappEventInstanceID = 1234
  SubscriptionDetail.EventTriggers = [8 3 231]
  SubscriptionDetail.ActionToBeSetup.ActionID = 1
  SubscriptionDetail.ActionToBeSetup.ActionType = report
  SubscriptionDetail.ActionToBeSetup.ActionDefinition = [0 1 1 0 0 1 0 160 68 82 66 46 85 69 84 104 112 85 108 1 32 0 0 0 160 68 82 66 46 85 69 84 104 112 68 108 1 32 0 0 64 3 231]
  SubscriptionDetail.ActionToBeSetup.SubsequentAction.SubsequentActionType = continue
  SubscriptionDetail.ActionToBeSetup..SubsequentAction.TimeToWait = w10ms
{"ts":1780925592645,"crit":"ERROR","id":"submgr","mdc":{"CONTAINER_NAME":"","HOST_NAME":"","PID":"1","POD_NAME":"","SERVICE_NAME":"","SYSTEM_NAME":"","time":"2026-06-08T13:33:12"},"msg":"CREATE routeinfo(3/[service-ricxapp-kpm-monitor-rmr.ricxapp:4560]) failed with error: [POST /handles/xapp-subscription-handle][400] provideXappSubscriptionHandleBadRequest "}
{"ts":1780925592645,"crit":"ERROR","id":"submgr","mdc":{"CONTAINER_NAME":"","HOST_NAME":"","PID":"1","POD_NAME":"","SERVICE_NAME":"","SYSTEM_NAME":"","time":"2026-06-08T13:33:12"},"msg":"XAPP-SubReq Assign error: transxapp(trans(2/meid(RanName=gnbd_001_001_00019b_0))/transkey(service-ricxapp-kpm-monitor-rmr.ricxapp:4560/3Er8Xxhm1GA7UQ9lwRIVlzJru8s)/0) err(RTMGR route create failure)"}
CRESTSubscriptionRequest
  SubscriptionID = ''
  ClientEndpoint.Host = service-ricxapp-kpm-monitor-rmr.ricxapp
  E2SubscriptionDirectives = nil
  SubscriptionDetail.XappEventInstanceID = 1234
  SubscriptionDetail.EventTriggers = [8 3 231]
  SubscriptionDetail.ActionToBeSetup.ActionID = 1
  SubscriptionDetail.ActionToBeSetup.ActionType = report
  SubscriptionDetail.ActionToBeSetup.ActionDefinition = [0 1 1 0 0 1 0 160 68 82 66 46 85 69 84 104 112 85 108 1 32 0 0 0 160 68 82 66 46 85 69 84 104 112 68 108 1 32 0 0 64 3 231]
  SubscriptionDetail.ActionToBeSetup.SubsequentAction.SubsequentActionType = continue
  SubscriptionDetail.ActionToBeSetup..SubsequentAction.TimeToWait = w10ms
{"ts":1780925670909,"crit":"ERROR","id":"submgr","mdc":{"CONTAINER_NAME":"","HOST_NAME":"","PID":"1","POD_NAME":"","SERVICE_NAME":"","SYSTEM_NAME":"","time":"2026-06-08T13:34:30"},"msg":"CREATE routeinfo(4/[service-ricxapp-kpm-monitor-rmr.ricxapp:4560]) failed with error: [POST /handles/xapp-subscription-handle][400] provideXappSubscriptionHandleBadRequest "}
{"ts":1780925670909,"crit":"ERROR","id":"submgr","mdc":{"CONTAINER_NAME":"","HOST_NAME":"","PID":"1","POD_NAME":"","SERVICE_NAME":"","SYSTEM_NAME":"","time":"2026-06-08T13:34:30"},"msg":"XAPP-SubReq Assign error: transxapp(trans(3/meid(RanName=gnbd_001_001_00019b_0))/transkey(service-ricxapp-kpm-monitor-rmr.ricxapp:4560/3Er8Xxhm1GA7UQ9lwRIVlzJru8s)/0) err(RTMGR route create failure)"}
