{"ts":1780924641001,"crit":"INFO","id":"submgr","mdc":{"time":"2026-06-08T13:17:21"},"msg":"Using config file: /cfg/submgr-config.yaml"}
{"ts":1780924641002,"crit":"INFO","id":"submgr","mdc":{"CONTAINER_NAME":"","HOST_NAME":"","PID":"1","POD_NAME":"","SERVICE_NAME":"","SYSTEM_NAME":"","time":"2026-06-08T13:17:21"},"msg":"Serving metrics on: url=/ric/v1/metrics namespace="}
redis: got 7 elements in COMMAND reply, wanted 6
redis: got 7 elements in COMMAND reply, wanted 6
redis: got 7 elements in COMMAND reply, wanted 6
redis: got 7 elements in COMMAND reply, wanted 6
{"ts":1780924641029,"crit":"INFO","id":"submgr","mdc":{"CONTAINER_NAME":"","HOST_NAME":"","PID":"1","POD_NAME":"","SERVICE_NAME":"","SYSTEM_NAME":"","time":"2026-06-08T13:17:21"},"msg":"LoggerLevel = 3"}
1780924641034 1/RMR [INFO] ric message routing library on SI95 p=4560 mv=3 flg=00 id=a (f447e29 4.9.4 built: Dec 13 2023)
{"ts":1780924641035,"crit":"INFO","id":"submgr","mdc":{"CONTAINER_NAME":"","HOST_NAME":"","PID":"1","POD_NAME":"","SERVICE_NAME":"","SYSTEM_NAME":"","time":"2026-06-08T13:17:21"},"msg":"new rmrClient with parameters: ProtPort=4560 MaxSize=8192 ThreadType=0 StatDesc=RMR LowLatency=false FastAck=false Policies=[]"}
{"ts":1780924641035,"crit":"INFO","id":"submgr","mdc":{"CONTAINER_NAME":"","HOST_NAME":"","PID":"1","POD_NAME":"","SERVICE_NAME":"","SYSTEM_NAME":"","time":"2026-06-08T13:17:21"},"msg":"IP address is not able to resolve Interface () route ip+net: invalid network interface name"}
{"ts":1780924641035,"crit":"INFO","id":"submgr","mdc":{"CONTAINER_NAME":"","HOST_NAME":"","PID":"1","POD_NAME":"","SERVICE_NAME":"","SYSTEM_NAME":"","time":"2026-06-08T13:17:21"},"msg":"Xapp started, listening on: :8080"}
{"ts":1780924641036,"crit":"INFO","id":"submgr","mdc":{"CONTAINER_NAME":"","HOST_NAME":"","PID":"1","POD_NAME":"","SERVICE_NAME":"","SYSTEM_NAME":"","time":"2026-06-08T13:17:21"},"msg":"Connection to database established!"}
{"ts":1780924641036,"crit":"INFO","id":"submgr","mdc":{"CONTAINER_NAME":"","HOST_NAME":"","PID":"1","POD_NAME":"","SERVICE_NAME":"","SYSTEM_NAME":"","time":"2026-06-08T13:17:21"},"msg":"rmrClient: RMR is ready after 0 seconds waiting..."}
{"ts":1780924641039,"crit":"INFO","id":"submgr","mdc":{"CONTAINER_NAME":"","HOST_NAME":"","PID":"1","POD_NAME":"","SERVICE_NAME":"","SYSTEM_NAME":"","time":"2026-06-08T13:17:21"},"msg":"Serving subscriptions on 0.0.0.0:8088\n"}
2026/06/08 13:17:21 Serving xapp framework at http://[::]:8088
RMR is ready now ...
{"ts":1780924661038,"crit":"INFO","id":"submgr","mdc":{"CONTAINER_NAME":"","HOST_NAME":"","PID":"1","POD_NAME":"","SERVICE_NAME":"","SYSTEM_NAME":"","time":"2026-06-08T13:17:41"},"msg":"getService: SERVICE_RICXAPP_SUBMGR_HTTP_PORT []"}
{"ts":1780924661038,"crit":"INFO","id":"submgr","mdc":{"CONTAINER_NAME":"","HOST_NAME":"","PID":"1","POD_NAME":"","SERVICE_NAME":"","SYSTEM_NAME":"","time":"2026-06-08T13:17:41"},"msg":"getService: SERVICE_RICXAPP_SUBMGR_RMR_PORT []"}
{"ts":1780924661038,"crit":"WARNING","id":"submgr","mdc":{"CONTAINER_NAME":"","HOST_NAME":"","PID":"1","POD_NAME":"","SERVICE_NAME":"","SYSTEM_NAME":"","time":"2026-06-08T13:17:41"},"msg":"Couldn't resolve service endpoints: httpEp= rmrEp="}
{"ts":1780924661038,"crit":"INFO","id":"submgr","mdc":{"CONTAINER_NAME":"","HOST_NAME":"","PID":"1","POD_NAME":"","SERVICE_NAME":"","SYSTEM_NAME":"","time":"2026-06-08T13:17:41"},"msg":"Registration done, proceeding with startup ..."}
1780924735276 1/RMR [INFO] sends: ts=1780924735 src=service-ricplt-submgr-rmr.ricplt:4560 target=10.102.233.54:38000 open=0 succ=0 fail=0 (hard=0 soft=0)
1780924735276 1/RMR [INFO] sends: ts=1780924735 src=service-ricplt-submgr-rmr.ricplt:4560 target=service-ricplt-e2mgr-rmr.ricplt:3801 open=0 succ=0 fail=0 (hard=0 soft=0)
1780924735276 1/RMR [INFO] sends: ts=1780924735 src=service-ricplt-submgr-rmr.ricplt:4560 target=service-ricplt-a1mediator-rmr.ricplt:4562 open=0 succ=0 fail=0 (hard=0 soft=0)
1780924766279 1/RMR [INFO] sends: ts=1780924766 src=service-ricplt-submgr-rmr.ricplt:4560 target=10.102.233.54:38000 open=0 succ=0 fail=0 (hard=0 soft=0)
1780924766279 1/RMR [INFO] sends: ts=1780924766 src=service-ricplt-submgr-rmr.ricplt:4560 target=service-ricplt-e2mgr-rmr.ricplt:3801 open=0 succ=0 fail=0 (hard=0 soft=0)
1780924766279 1/RMR [INFO] sends: ts=1780924766 src=service-ricplt-submgr-rmr.ricplt:4560 target=service-ricplt-a1mediator-rmr.ricplt:4562 open=0 succ=0 fail=0 (hard=0 soft=0)
1780924797273 1/RMR [INFO] sends: ts=1780924797 src=service-ricplt-submgr-rmr.ricplt:4560 target=10.102.233.54:38000 open=0 succ=0 fail=0 (hard=0 soft=0)
1780924797273 1/RMR [INFO] sends: ts=1780924797 src=service-ricplt-submgr-rmr.ricplt:4560 target=service-ricplt-e2mgr-rmr.ricplt:3801 open=0 succ=0 fail=0 (hard=0 soft=0)
1780924797273 1/RMR [INFO] sends: ts=1780924797 src=service-ricplt-submgr-rmr.ricplt:4560 target=service-ricplt-a1mediator-rmr.ricplt:4562 open=0 succ=0 fail=0 (hard=0 soft=0)
1780924828277 1/RMR [INFO] sends: ts=1780924828 src=service-ricplt-submgr-rmr.ricplt:4560 target=10.102.233.54:38000 open=0 succ=0 fail=0 (hard=0 soft=0)
1780924828277 1/RMR [INFO] sends: ts=1780924828 src=service-ricplt-submgr-rmr.ricplt:4560 target=service-ricplt-e2mgr-rmr.ricplt:3801 open=0 succ=0 fail=0 (hard=0 soft=0)
1780924828277 1/RMR [INFO] sends: ts=1780924828 src=service-ricplt-submgr-rmr.ricplt:4560 target=service-ricplt-a1mediator-rmr.ricplt:4562 open=0 succ=0 fail=0 (hard=0 soft=0)
1780924859274 1/RMR [INFO] sends: ts=1780924859 src=service-ricplt-submgr-rmr.ricplt:4560 target=10.102.233.54:38000 open=0 succ=0 fail=0 (hard=0 soft=0)
1780924859274 1/RMR [INFO] sends: ts=1780924859 src=service-ricplt-submgr-rmr.ricplt:4560 target=service-ricplt-e2mgr-rmr.ricplt:3801 open=0 succ=0 fail=0 (hard=0 soft=0)
1780924859274 1/RMR [INFO] sends: ts=1780924859 src=service-ricplt-submgr-rmr.ricplt:4560 target=service-ricplt-a1mediator-rmr.ricplt:4562 open=0 succ=0 fail=0 (hard=0 soft=0)
1780924890878 1/RMR [INFO] sends: ts=1780924890 src=service-ricplt-submgr-rmr.ricplt:4560 target=10.102.233.54:38000 open=0 succ=0 fail=0 (hard=0 soft=0)
1780924890878 1/RMR [INFO] sends: ts=1780924890 src=service-ricplt-submgr-rmr.ricplt:4560 target=service-ricplt-e2mgr-rmr.ricplt:3801 open=0 succ=0 fail=0 (hard=0 soft=0)
1780924890878 1/RMR [INFO] sends: ts=1780924890 src=service-ricplt-submgr-rmr.ricplt:4560 target=service-ricplt-a1mediator-rmr.ricplt:4562 open=0 succ=0 fail=0 (hard=0 soft=0)
1780924921276 1/RMR [INFO] sends: ts=1780924921 src=service-ricplt-submgr-rmr.ricplt:4560 target=10.102.233.54:38000 open=0 succ=0 fail=0 (hard=0 soft=0)
1780924921277 1/RMR [INFO] sends: ts=1780924921 src=service-ricplt-submgr-rmr.ricplt:4560 target=service-ricplt-e2mgr-rmr.ricplt:3801 open=0 succ=0 fail=0 (hard=0 soft=0)
1780924921277 1/RMR [INFO] sends: ts=1780924921 src=service-ricplt-submgr-rmr.ricplt:4560 target=service-ricplt-a1mediator-rmr.ricplt:4562 open=0 succ=0 fail=0 (hard=0 soft=0)
1780924952245 1/RMR [INFO] sends: ts=1780924952 src=service-ricplt-submgr-rmr.ricplt:4560 target=10.102.233.54:38000 open=0 succ=0 fail=0 (hard=0 soft=0)
1780924952245 1/RMR [INFO] sends: ts=1780924952 src=service-ricplt-submgr-rmr.ricplt:4560 target=service-ricplt-e2mgr-rmr.ricplt:3801 open=0 succ=0 fail=0 (hard=0 soft=0)
1780924952245 1/RMR [INFO] sends: ts=1780924952 src=service-ricplt-submgr-rmr.ricplt:4560 target=service-ricplt-a1mediator-rmr.ricplt:4562 open=0 succ=0 fail=0 (hard=0 soft=0)
1780925253288 1/RMR [INFO] sends: ts=1780925253 src=service-ricplt-submgr-rmr.ricplt:4560 target=10.102.233.54:38000 open=0 succ=0 fail=0 (hard=0 soft=0)
1780925253288 1/RMR [INFO] sends: ts=1780925253 src=service-ricplt-submgr-rmr.ricplt:4560 target=service-ricplt-e2mgr-rmr.ricplt:3801 open=0 succ=0 fail=0 (hard=0 soft=0)
1780925253288 1/RMR [INFO] sends: ts=1780925253 src=service-ricplt-submgr-rmr.ricplt:4560 target=service-ricplt-a1mediator-rmr.ricplt:4562 open=0 succ=0 fail=0 (hard=0 soft=0)
CRESTSubscriptionRequest
  SubscriptionID = ''
  ClientEndpoint.Host = service-ricxapp-kpm-monitor-rmr.ricxapp
  ClientEndpoint.HTTPPort = 8092
  ClientEndpoint.RMRPort = 4560
  Meid = gnbd_001_001_00019b_0
  E2SubscriptionDirectives = nil
  RANFunctionID = 2
  SubscriptionDetail.XappEventInstanceID = 1234
  SubscriptionDetail.EventTriggers = [8 3 231]
  SubscriptionDetail.ActionToBeSetup.ActionID = 1
  SubscriptionDetail.ActionToBeSetup.ActionType = report
  SubscriptionDetail.ActionToBeSetup.ActionDefinition = [0 1 1 0 0 1 0 160 68 82 66 46 85 69 84 104 112 85 108 1 32 0 0 0 160 68 82 66 46 85 69 84 104 112 68 108 1 32 0 0 64 3 231]
  SubscriptionDetail.ActionToBeSetup.SubsequentAction.SubsequentActionType = continue
  SubscriptionDetail.ActionToBeSetup..SubsequentAction.TimeToWait = w10ms
{"ts":1780925370793,"crit":"ERROR","id":"submgr","mdc":{"CONTAINER_NAME":"","HOST_NAME":"","PID":"1","POD_NAME":"","SERVICE_NAME":"","SYSTEM_NAME":"","time":"2026-06-08T13:29:30"},"msg":"CREATE routeinfo(1/[service-ricxapp-kpm-monitor-rmr.ricxapp:4560]) failed with error: [POST /handles/xapp-subscription-handle][400] provideXappSubscriptionHandleBadRequest "}
{"ts":1780925370793,"crit":"ERROR","id":"submgr","mdc":{"CONTAINER_NAME":"","HOST_NAME":"","PID":"1","POD_NAME":"","SERVICE_NAME":"","SYSTEM_NAME":"","time":"2026-06-08T13:29:30"},"msg":"XAPP-SubReq Assign error: transxapp(trans(0/meid(RanName=gnbd_001_001_00019b_0))/transkey(service-ricxapp-kpm-monitor-rmr.ricxapp:4560/3Er8Xxhm1GA7UQ9lwRIVlzJru8s)/0) err(RTMGR route create failure)"}
CRESTSubscriptionRequest
  SubscriptionID = ''
  ClientEndpoint.Host = service-ricxapp-kpm-monitor-rmr.ricxapp
  ClientEndpoint.HTTPPort = 8092
  ClientEndpoint.RMRPort = 4560
  Meid = gnbd_001_001_00019b_0
  E2SubscriptionDirectives = nil
  RANFunctionID = 2
  SubscriptionDetail.XappEventInstanceID = 1234
  SubscriptionDetail.EventTriggers = [8 3 231]
  SubscriptionDetail.ActionToBeSetup.ActionID = 1
  SubscriptionDetail.ActionToBeSetup.ActionType = report
  SubscriptionDetail.ActionToBeSetup.ActionDefinition = [0 1 1 0 0 1 0 160 68 82 66 46 85 69 84 104 112 85 108 1 32 0 0 0 160 68 82 66 46 85 69 84 104 112 68 108 1 32 0 0 64 3 231]
  SubscriptionDetail.ActionToBeSetup.SubsequentAction.SubsequentActionType = continue
  SubscriptionDetail.ActionToBeSetup..SubsequentAction.TimeToWait = w10ms
{"ts":1780925454107,"crit":"ERROR","id":"submgr","mdc":{"CONTAINER_NAME":"","HOST_NAME":"","PID":"1","POD_NAME":"","SERVICE_NAME":"","SYSTEM_NAME":"","time":"2026-06-08T13:30:54"},"msg":"CREATE routeinfo(2/[service-ricxapp-kpm-monitor-rmr.ricxapp:4560]) failed with error: [POST /handles/xapp-subscription-handle][400] provideXappSubscriptionHandleBadRequest "}
{"ts":1780925454107,"crit":"ERROR","id":"submgr","mdc":{"CONTAINER_NAME":"","HOST_NAME":"","PID":"1","POD_NAME":"","SERVICE_NAME":"","SYSTEM_NAME":"","time":"2026-06-08T13:30:54"},"msg":"XAPP-SubReq Assign error: transxapp(trans(1/meid(RanName=gnbd_001_001_00019b_0))/transkey(service-ricxapp-kpm-monitor-rmr.ricxapp:4560/3Er8Xxhm1GA7UQ9lwRIVlzJru8s)/0) err(RTMGR route create failure)"}
1780925554298 1/RMR [INFO] sends: ts=1780925554 src=service-ricplt-submgr-rmr.ricplt:4560 target=10.102.233.54:38000 open=0 succ=0 fail=0 (hard=0 soft=0)
1780925554298 1/RMR [INFO] sends: ts=1780925554 src=service-ricplt-submgr-rmr.ricplt:4560 target=service-ricplt-e2mgr-rmr.ricplt:3801 open=0 succ=0 fail=0 (hard=0 soft=0)
1780925554298 1/RMR [INFO] sends: ts=1780925554 src=service-ricplt-submgr-rmr.ricplt:4560 target=service-ricplt-a1mediator-rmr.ricplt:4562 open=0 succ=0 fail=0 (hard=0 soft=0)
CRESTSubscriptionRequest
  SubscriptionID = ''
  ClientEndpoint.Host = service-ricxapp-kpm-monitor-rmr.ricxapp
  ClientEndpoint.HTTPPort = 8092
  ClientEndpoint.RMRPort = 4560
  Meid = gnbd_001_001_00019b_0
  E2SubscriptionDirectives = nil
  RANFunctionID = 2
  SubscriptionDetail.XappEventInstanceID = 1234
  SubscriptionDetail.EventTriggers = [8 3 231]
  SubscriptionDetail.ActionToBeSetup.ActionID = 1
  SubscriptionDetail.ActionToBeSetup.ActionType = report
  SubscriptionDetail.ActionToBeSetup.ActionDefinition = [0 1 1 0 0 1 0 160 68 82 66 46 85 69 84 104 112 85 108 1 32 0 0 0 160 68 82 66 46 85 69 84 104 112 68 108 1 32 0 0 64 3 231]
  SubscriptionDetail.ActionToBeSetup.SubsequentAction.SubsequentActionType = continue
  SubscriptionDetail.ActionToBeSetup..SubsequentAction.TimeToWait = w10ms
{"ts":1780925592645,"crit":"ERROR","id":"submgr","mdc":{"CONTAINER_NAME":"","HOST_NAME":"","PID":"1","POD_NAME":"","SERVICE_NAME":"","SYSTEM_NAME":"","time":"2026-06-08T13:33:12"},"msg":"CREATE routeinfo(3/[service-ricxapp-kpm-monitor-rmr.ricxapp:4560]) failed with error: [POST /handles/xapp-subscription-handle][400] provideXappSubscriptionHandleBadRequest "}
{"ts":1780925592645,"crit":"ERROR","id":"submgr","mdc":{"CONTAINER_NAME":"","HOST_NAME":"","PID":"1","POD_NAME":"","SERVICE_NAME":"","SYSTEM_NAME":"","time":"2026-06-08T13:33:12"},"msg":"XAPP-SubReq Assign error: transxapp(trans(2/meid(RanName=gnbd_001_001_00019b_0))/transkey(service-ricxapp-kpm-monitor-rmr.ricxapp:4560/3Er8Xxhm1GA7UQ9lwRIVlzJru8s)/0) err(RTMGR route create failure)"}
CRESTSubscriptionRequest
  SubscriptionID = ''
  ClientEndpoint.Host = service-ricxapp-kpm-monitor-rmr.ricxapp
  ClientEndpoint.HTTPPort = 8092
  ClientEndpoint.RMRPort = 4560
  Meid = gnbd_001_001_00019b_0
  E2SubscriptionDirectives = nil
  RANFunctionID = 2
  SubscriptionDetail.XappEventInstanceID = 1234
  SubscriptionDetail.EventTriggers = [8 3 231]
  SubscriptionDetail.ActionToBeSetup.ActionID = 1
  SubscriptionDetail.ActionToBeSetup.ActionType = report
  SubscriptionDetail.ActionToBeSetup.ActionDefinition = [0 1 1 0 0 1 0 160 68 82 66 46 85 69 84 104 112 85 108 1 32 0 0 0 160 68 82 66 46 85 69 84 104 112 68 108 1 32 0 0 64 3 231]
  SubscriptionDetail.ActionToBeSetup.SubsequentAction.SubsequentActionType = continue
  SubscriptionDetail.ActionToBeSetup..SubsequentAction.TimeToWait = w10ms
{"ts":1780925670909,"crit":"ERROR","id":"submgr","mdc":{"CONTAINER_NAME":"","HOST_NAME":"","PID":"1","POD_NAME":"","SERVICE_NAME":"","SYSTEM_NAME":"","time":"2026-06-08T13:34:30"},"msg":"CREATE routeinfo(4/[service-ricxapp-kpm-monitor-rmr.ricxapp:4560]) failed with error: [POST /handles/xapp-subscription-handle][400] provideXappSubscriptionHandleBadRequest "}
{"ts":1780925670909,"crit":"ERROR","id":"submgr","mdc":{"CONTAINER_NAME":"","HOST_NAME":"","PID":"1","POD_NAME":"","SERVICE_NAME":"","SYSTEM_NAME":"","time":"2026-06-08T13:34:30"},"msg":"XAPP-SubReq Assign error: transxapp(trans(3/meid(RanName=gnbd_001_001_00019b_0))/transkey(service-ricxapp-kpm-monitor-rmr.ricxapp:4560/3Er8Xxhm1GA7UQ9lwRIVlzJru8s)/0) err(RTMGR route create failure)"}
1780925855305 1/RMR [INFO] sends: ts=1780925855 src=service-ricplt-submgr-rmr.ricplt:4560 target=10.102.233.54:38000 open=0 succ=0 fail=0 (hard=0 soft=0)
1780925855305 1/RMR [INFO] sends: ts=1780925855 src=service-ricplt-submgr-rmr.ricplt:4560 target=service-ricplt-e2mgr-rmr.ricplt:3801 open=0 succ=0 fail=0 (hard=0 soft=0)
1780925855305 1/RMR [INFO] sends: ts=1780925855 src=service-ricplt-submgr-rmr.ricplt:4560 target=service-ricplt-a1mediator-rmr.ricplt:4562 open=0 succ=0 fail=0 (hard=0 soft=0)
1780926156314 1/RMR [INFO] sends: ts=1780926156 src=service-ricplt-submgr-rmr.ricplt:4560 target=10.102.233.54:38000 open=0 succ=0 fail=0 (hard=0 soft=0)
1780926156314 1/RMR [INFO] sends: ts=1780926156 src=service-ricplt-submgr-rmr.ricplt:4560 target=service-ricplt-e2mgr-rmr.ricplt:3801 open=0 succ=0 fail=0 (hard=0 soft=0)
1780926156314 1/RMR [INFO] sends: ts=1780926156 src=service-ricplt-submgr-rmr.ricplt:4560 target=service-ricplt-a1mediator-rmr.ricplt:4562 open=0 succ=0 fail=0 (hard=0 soft=0)
