{"ts":1780926418704,"crit":"INFO","id":"submgr","mdc":{"CONTAINER_NAME":"","HOST_NAME":"","PID":"1","POD_NAME":"","SERVICE_NAME":"","SYSTEM_NAME":"","time":"2026-06-08T13:46:58"},"msg":"Serving subscriptions on 0.0.0.0:8088\n"}
1780926450550 1/RMR [INFO] sends: ts=1780926450 src=service-ricplt-submgr-rmr.ricplt:4560 target=10.102.233.54:38000 open=0 succ=0 fail=0 (hard=0 soft=0)
1780926450550 1/RMR [INFO] sends: ts=1780926450 src=service-ricplt-submgr-rmr.ricplt:4560 target=service-ricplt-e2mgr-rmr.ricplt:3801 open=0 succ=0 fail=0 (hard=0 soft=0)
1780926450550 1/RMR [INFO] sends: ts=1780926450 src=service-ricplt-submgr-rmr.ricplt:4560 target=service-ricplt-a1mediator-rmr.ricplt:4562 open=0 succ=0 fail=0 (hard=0 soft=0)
CRESTSubscriptionRequest
  SubscriptionID = ''
  ClientEndpoint.Host = service-ricxapp-kpimon-go-rmr.ricxapp
  E2SubscriptionDirectives = nil
  SubscriptionDetail.XappEventInstanceID = 1234
  SubscriptionDetail.EventTriggers = [8 3 231]
  SubscriptionDetail.ActionToBeSetup.ActionID = 1
  SubscriptionDetail.ActionToBeSetup.ActionType = report
  SubscriptionDetail.ActionToBeSetup.ActionDefinition = [0 1 1 0 0 1 0 160 68 82 66 46 85 69 84 104 112 85 108 1 32 0 0 0 160 68 82 66 46 85 69 84 104 112 68 108 1 32 0 0 64 3 231]
  SubscriptionDetail.ActionToBeSetup.SubsequentAction.SubsequentActionType = continue
  SubscriptionDetail.ActionToBeSetup..SubsequentAction.TimeToWait = w10ms
{"ts":1780926465044,"crit":"ERROR","id":"submgr","mdc":{"CONTAINER_NAME":"","HOST_NAME":"","PID":"1","POD_NAME":"","SERVICE_NAME":"","SYSTEM_NAME":"","time":"2026-06-08T13:47:45"},"msg":"CREATE routeinfo(1/[service-ricxapp-kpimon-go-rmr.ricxapp:4560]) failed with error: [POST /handles/xapp-subscription-handle][400] provideXappSubscriptionHandleBadRequest "}
{"ts":1780926465044,"crit":"ERROR","id":"submgr","mdc":{"CONTAINER_NAME":"","HOST_NAME":"","PID":"1","POD_NAME":"","SERVICE_NAME":"","SYSTEM_NAME":"","time":"2026-06-08T13:47:45"},"msg":"XAPP-SubReq Assign error: transxapp(trans(0/meid(RanName=gnbd_001_001_00019b_0))/transkey(service-ricxapp-kpimon-go-rmr.ricxapp:4560/3ErAlZJZ3KuBxFJFKvTidMGQkww)/0) err(RTMGR route create failure)"}
1780926481557 1/RMR [INFO] sends: ts=1780926481 src=service-ricplt-submgr-rmr.ricplt:4560 target=10.102.233.54:38000 open=0 succ=0 fail=0 (hard=0 soft=0)
1780926481557 1/RMR [INFO] sends: ts=1780926481 src=service-ricplt-submgr-rmr.ricplt:4560 target=service-ricplt-e2mgr-rmr.ricplt:3801 open=0 succ=0 fail=0 (hard=0 soft=0)
1780926481557 1/RMR [INFO] sends: ts=1780926481 src=service-ricplt-submgr-rmr.ricplt:4560 target=service-ricplt-a1mediator-rmr.ricplt:4562 open=0 succ=0 fail=0 (hard=0 soft=0)
1780926512561 1/RMR [INFO] sends: ts=1780926512 src=service-ricplt-submgr-rmr.ricplt:4560 target=10.102.233.54:38000 open=0 succ=0 fail=0 (hard=0 soft=0)
1780926512561 1/RMR [INFO] sends: ts=1780926512 src=service-ricplt-submgr-rmr.ricplt:4560 target=service-ricplt-e2mgr-rmr.ricplt:3801 open=0 succ=0 fail=0 (hard=0 soft=0)
1780926512561 1/RMR [INFO] sends: ts=1780926512 src=service-ricplt-submgr-rmr.ricplt:4560 target=service-ricplt-a1mediator-rmr.ricplt:4562 open=0 succ=0 fail=0 (hard=0 soft=0)
